i2c-lcd.c:8:6:lcd_send_cmd	32	static
i2c-lcd.c:21:6:lcd_send_data	32	static
i2c-lcd.c:35:6:lcd_init	16	static
i2c-lcd.c:55:6:lcd_send_string	16	static
i2c-lcd.c:61:6:cursor_jumpto_r_c	24	static
i2c-lcd.c:78:6:cursor_shift_left	8	static
i2c-lcd.c:84:6:cursor_shift_right	8	static
i2c-lcd.c:90:6:cursor_shift_left_ntime	24	static
i2c-lcd.c:99:6:cursor_shift_right_ntime	24	static
i2c-lcd.c:108:6:delete_row	16	static
i2c-lcd.c:117:6:delete_current_char	16	static
i2c-lcd.c:125:6:delete_some_chars	48	dynamic
i2c-lcd.c:138:6:blink_cursor_ON	8	static
i2c-lcd.c:145:6:blink_cursor_off	8	static
i2c-lcd.c:152:6:display_turn_on	8	static
i2c-lcd.c:159:6:display_turn_off	8	static
