i2c-lcd.c:39:6:lcd_send_cmd	32	static
i2c-lcd.c:58:6:lcd_send_data	32	static
i2c-lcd.c:79:6:lcd_init	16	static
i2c-lcd.c:107:6:lcd_send_string	16	static
i2c-lcd.c:120:6:cursor_jumpto_r_c	24	static
i2c-lcd.c:143:6:cursor_shift_left	8	static
i2c-lcd.c:155:6:cursor_shift_right	8	static
i2c-lcd.c:167:6:cursor_shift_left_ntime	24	static
i2c-lcd.c:182:6:cursor_shift_right_ntime	24	static
i2c-lcd.c:199:6:delete_row	16	static
i2c-lcd.c:213:6:delete_current_char	16	static
i2c-lcd.c:227:6:delete_some_chars	48	dynamic
i2c-lcd.c:245:6:blink_cursor_ON	8	static
i2c-lcd.c:258:6:blink_cursor_off	8	static
i2c-lcd.c:270:6:display_turn_on	8	static
i2c-lcd.c:284:6:display_turn_off	8	static
