main.c:117:5:main	8	static
main.c:190:6:RTC_get_Time_and_Date	8	static
main.c:206:6:SystemClock_Config	184	static
main.c:259:13:MX_I2C1_Init	8	static
main.c:293:13:MX_RTC_Init	72	static
main.c:371:13:MX_TIM2_Init	56	static
main.c:419:13:MX_TIM3_Init	56	static
main.c:467:13:MX_TIM4_Init	56	static
main.c:515:13:MX_TIM8_Init	80	static
main.c:579:13:MX_USART2_UART_Init	8	static
main.c:612:13:MX_GPIO_Init	48	static
main.c:673:6:set_RGB	24	static
main.c:680:6:set_FL	16	static
main.c:690:6:Error_Handler	4	static
