main.c:129:5:main	8	static
main.c:227:6:sunrise	8	static
main.c:243:6:sunset	8	static
main.c:258:6:LED_Dimm_Up	8	static
main.c:278:6:RTC_get_Time_and_Date	8	static
main.c:292:6:SystemClock_Config	184	static
main.c:345:13:MX_I2C1_Init	8	static
main.c:379:13:MX_RTC_Init	72	static
main.c:457:13:MX_TIM2_Init	56	static
main.c:505:13:MX_TIM3_Init	56	static
main.c:553:13:MX_TIM4_Init	56	static
main.c:601:13:MX_TIM8_Init	80	static
main.c:665:13:MX_USART2_UART_Init	8	static
main.c:698:13:MX_GPIO_Init	48	static
main.c:759:6:set_RGB	24	static
main.c:766:6:set_FL	16	static
main.c:776:6:Error_Handler	4	static
