stm32f4xx_hal_msp.c:86:6:HAL_MspInit	16	static
stm32f4xx_hal_msp.c:110:6:HAL_I2C_MspInit	48	static
stm32f4xx_hal_msp.c:148:6:HAL_I2C_MspDeInit	0	static
stm32f4xx_hal_msp.c:178:6:HAL_RTC_MspInit	8	static
stm32f4xx_hal_msp.c:205:6:HAL_RTC_MspDeInit	0	static
stm32f4xx_hal_msp.c:231:6:HAL_TIM_PWM_MspInit	16	static
stm32f4xx_hal_msp.c:281:6:HAL_TIM_MspPostInit	48	static
stm32f4xx_hal_msp.c:377:6:HAL_TIM_PWM_MspDeInit	0	static
stm32f4xx_hal_msp.c:433:6:HAL_UART_MspInit	40	static
stm32f4xx_hal_msp.c:471:6:HAL_UART_MspDeInit	0	static
