stm32f4xx_it.c:90:6:NMI_Handler	4	static
stm32f4xx_it.c:103:6:HardFault_Handler	4	static
stm32f4xx_it.c:118:6:MemManage_Handler	4	static
stm32f4xx_it.c:133:6:BusFault_Handler	4	static
stm32f4xx_it.c:148:6:UsageFault_Handler	4	static
stm32f4xx_it.c:163:6:SVC_Handler	4	static
stm32f4xx_it.c:176:6:DebugMon_Handler	4	static
stm32f4xx_it.c:189:6:PendSV_Handler	4	static
stm32f4xx_it.c:202:6:SysTick_Handler	8	static
stm32f4xx_it.c:223:6:EXTI1_IRQHandler	8	static
stm32f4xx_it.c:239:6:EXTI9_5_IRQHandler	16	static
stm32f4xx_it.c:280:6:EXTI15_10_IRQHandler	8	static
stm32f4xx_it.c:294:6:RTC_Alarm_IRQHandler	8	static
stm32f4xx_it.c:308:6:TIM6_DAC_IRQHandler	8	static
