20:28:52 **** Incremental Build of configuration Debug for project Aquarium_V1_0 ****
Info: Internal Builder is used for build
arm-atollic-eabi-gcc -c -mthumb -mcpu=cortex-m4 -mfloat-abi=hard -mfpu=fpv4-sp-d16 -std=gnu11 -D__weak=__attribute__((weak)) -D__packed=__attribute__((__packed__)) -DUSE_HAL_DRIVER -DSTM32F446xx -I../Inc -I../Drivers/STM32F4xx_HAL_Driver/Inc -I../Drivers/STM32F4xx_HAL_Driver/Inc/Legacy -I../Drivers/CMSIS/Device/ST/STM32F4xx/Include -I../Drivers/CMSIS/Include -Os -ffunction-sections -fdata-sections -g -fstack-usage -Wall -specs=nano.specs -o Src\i2c-lcd.o ..\Src\i2c-lcd.c 
..\Src\i2c-lcd.c: In function 'delete_row':
..\Src\i2c-lcd.c:103:19: warning: passing argument 1 of 'lcd_send_string' from incompatible pointer type [-Wincompatible-pointer-types]
  lcd_send_string (&delete_me);  // überschreibe mit leerem String
                   ^
..\Src\i2c-lcd.c:44:6: note: expected 'char *' but argument is of type 'char * (*)[20]'
 void lcd_send_string (char *str)
      ^~~~~~~~~~~~~~~
..\Src\i2c-lcd.c: In function 'delete_some_chars':
..\Src\i2c-lcd.c:122:19: warning: passing argument 1 of 'lcd_send_string' from incompatible pointer type [-Wincompatible-pointer-types]
  lcd_send_string (&delete_me);  // überschreibe mit leerem String
                   ^
..\Src\i2c-lcd.c:44:6: note: expected 'char *' but argument is of type 'char * (*)[(sizetype)(number)]'
 void lcd_send_string (char *str)
      ^~~~~~~~~~~~~~~
..\Src\i2c-lcd.c: In function 'cursor_jumpto_r_c':
..\Src\i2c-lcd.c:62:7: warning: 'mycmd' may be used uninitialized in this function [-Wmaybe-uninitialized]
  mycmd+=column;
  ~~~~~^~~~~~~~
arm-atollic-eabi-gcc -o Aquarium_V1_0.elf Drivers\STM32F4xx_HAL_Driver\Src\stm32f4xx_hal.o Drivers\STM32F4xx_HAL_Driver\Src\stm32f4xx_hal_cortex.o Drivers\STM32F4xx_HAL_Driver\Src\stm32f4xx_hal_dma.o Drivers\STM32F4xx_HAL_Driver\Src\stm32f4xx_hal_dma_ex.o Drivers\STM32F4xx_HAL_Driver\Src\stm32f4xx_hal_flash.o Drivers\STM32F4xx_HAL_Driver\Src\stm32f4xx_hal_flash_ex.o Drivers\STM32F4xx_HAL_Driver\Src\stm32f4xx_hal_flash_ramfunc.o Drivers\STM32F4xx_HAL_Driver\Src\stm32f4xx_hal_gpio.o Drivers\STM32F4xx_HAL_Driver\Src\stm32f4xx_hal_i2c.o Drivers\STM32F4xx_HAL_Driver\Src\stm32f4xx_hal_i2c_ex.o Drivers\STM32F4xx_HAL_Driver\Src\stm32f4xx_hal_pwr.o Drivers\STM32F4xx_HAL_Driver\Src\stm32f4xx_hal_pwr_ex.o Drivers\STM32F4xx_HAL_Driver\Src\stm32f4xx_hal_rcc.o Drivers\STM32F4xx_HAL_Driver\Src\stm32f4xx_hal_rcc_ex.o Drivers\STM32F4xx_HAL_Driver\Src\stm32f4xx_hal_rtc.o Drivers\STM32F4xx_HAL_Driver\Src\stm32f4xx_hal_rtc_ex.o Drivers\STM32F4xx_HAL_Driver\Src\stm32f4xx_hal_tim.o Drivers\STM32F4xx_HAL_Driver\Src\stm32f4xx_hal_tim_ex.o Drivers\STM32F4xx_HAL_Driver\Src\stm32f4xx_hal_uart.o Src\i2c-lcd.o Src\main.o Src\stm32f4xx_hal_msp.o Src\stm32f4xx_it.o Src\system_stm32f4xx.o startup\startup_stm32f446xx.o -mthumb -mcpu=cortex-m4 -mfloat-abi=hard -mfpu=fpv4-sp-d16 -T../STM32F446RE_FLASH.ld -specs=nosys.specs -static -Wl,-Map=Aquarium_V1_0.map -Wl,--gc-sections -Wl,--defsym=malloc_getpagesize_P=0x80 -Wl,--start-group -lc -lm -Wl,--end-group -specs=nano.specs 
C:\Program Files (x86)\Atollic\TrueSTUDIO for STM32 9.0.1\ide\jre\bin\java -jar C:\Program Files (x86)\Atollic\TrueSTUDIO for STM32 9.0.1\Tools\arm-atollic-reports.jar sizeinfo list Aquarium_V1_0.elf 
Generate build reports...
Print size information
   text	   data	    bss	    dec	    hex	filename
  10996	     20	   2008	  13024	   32e0	Aquarium_V1_0.elf
Print size information done
Generate listing file
Output sent to: Aquarium_V1_0.list
Generate listing file done
Generate build reports done
arm-atollic-eabi-objcopy.exe -O ihex Aquarium_V1_0.elf Aquarium_V1_0.hex 

20:28:54 Build Finished (took 2s.75ms)

